{"context":"ENV_VALIDATOR","level":"warn","message":"Missing optional feature variables: AWS_ACCESS_KEY_ID, AWS_SECRET_ACCESS_KEY, AWS_REGION, S3_BUCKET_NAME, FACEBOOK_APP_ID, FACEBOOK_APP_SECRET, REDIS_URL. Some features will be disabled.","timestamp":"2026-03-10 19:21:08.625 +05:30"}
{"context":"ENV_VALIDATOR","level":"info","message":"TIP: REDIS_URL is missing. BullMQ and Caching will use localhost:6379.","timestamp":"2026-03-10 19:21:08.627 +05:30"}
--- analyticsController.js loaded (v2) ---
YouTube routes mounted at /api/v1/youtube
YouTube routes mounted at /api/v1/youtube
{"context":"WORKER","level":"info","message":"Γ£à Scheduled Post Worker initialized","timestamp":"2026-03-10 19:21:10.654 +05:30"}
{"context":"SERVER","level":"info","message":"Scheduled post worker initialized.","timestamp":"2026-03-10 19:21:10.654 +05:30"}
{"context":"SERVER","level":"info","message":"Instagram analytics worker initialized.","timestamp":"2026-03-10 19:21:10.657 +05:30"}
{"context":"SERVER","level":"info","message":"Instagram token refresh worker initialized.","timestamp":"2026-03-10 19:21:10.657 +05:30"}
{"context":"CRASH_PREVENTION","error":"listen EADDRINUSE: address already in use 0.0.0.0:3000","level":"error","message":"UNCAUGHT EXCEPTION","stack":"Error: listen EADDRINUSE: address already in use 0.0.0.0:3000\n    at Server.setupListenHandle [as _listen2] (node:net:1940:16)\n    at listenInCluster (node:net:1997:12)\n    at node:net:2206:7\n    at process.processTicksAndRejections (node:internal/process/task_queues:90:21)","timestamp":"2026-03-10 19:21:10.661 +05:30"}
node : FATAL UNCAUGHT EXCEPTION: Error: listen EADDRINUSE: address already in use 0.0.0.0:3000
At line:1 char:1
+ node server.js > test_log.txt 2>&1
+ ~~~~~~~~~~~~~~~~~~~~~~~~~~~~~~~~~~
    + CategoryInfo          : NotSpecified: (FATAL UNCAUGHT ...    se 0.0.0.0:3000:String) [], RemoteException
    + FullyQualifiedErrorId : NativeCommandError
 
    at Server.setupListenHandle [as _listen2] (node:net:1940:16)
    at listenInCluster (node:net:1997:12)
    at node:net:2206:7
    at process.processTicksAndRejections (node:internal/process/task_queues:90:21) {
  code: 'EADDRINUSE',
  errno: -4091,
  syscall: 'listen',
  address: '0.0.0.0',
  port: 3000
}
AggregateError [ECONNREFUSED]: 
    at internalConnectMultiple (node:net:1134:18)
    at afterConnectMultiple (node:net:1715:7) {
  code: 'ECONNREFUSED',
  [errors]: [
    Error: connect ECONNREFUSED ::1:6379
        at createConnectionError (node:net:1678:14)
        at afterConnectMultiple (node:net:1708:16) {
      errno: -4078,
      code: 'ECONNREFUSED',
      syscall: 'connect',
      address: '::1',
      port: 6379
    },
    Error: connect ECONNREFUSED 127.0.0.1:6379
        at createConnectionError (node:net:1678:14)
        at afterConnectMultiple (node:net:1708:16) {
      errno: -4078,
      code: 'ECONNREFUSED',
      syscall: 'connect',
      address: '127.0.0.1',
      port: 6379
    }
  ]
}
{"context":"REDIS","error":"","level":"warn","message":"Redis connection failed. Features like caching and dashboard metrics will be restricted.","timestamp":"2026-03-10 19:21:10.698 +05:30"}
AggregateError [ECONNREFUSED]: 
    at internalConnectMultiple (node:net:1134:18)
    at afterConnectMultiple (node:net:1715:7) {
  code: 'ECONNREFUSED',
  [errors]: [
    Error: connect ECONNREFUSED ::1:6379
        at createConnectionError (node:net:1678:14)
        at afterConnectMultiple (node:net:1708:16) {
      errno: -4078,
      code: 'ECONNREFUSED',
      syscall: 'connect',
      address: '::1',
      port: 6379
    },
    Error: connect ECONNREFUSED 127.0.0.1:6379
        at createConnectionError (node:net:1678:14)
        at afterConnectMultiple (node:net:1708:16) {
      errno: -4078,
      code: 'ECONNREFUSED',
      syscall: 'connect',
      address: '127.0.0.1',
      port: 6379
    }
  ]
}
AggregateError [ECONNREFUSED]: 
    at internalConnectMultiple (node:net:1134:18)
    at afterConnectMultiple (node:net:1715:7) {
  code: 'ECONNREFUSED',
  [errors]: [
    Error: connect ECONNREFUSED ::1:6379
        at createConnectionError (node:net:1678:14)
        at afterConnectMultiple (node:net:1708:16) {
      errno: -4078,
      code: 'ECONNREFUSED',
      syscall: 'connect',
      address: '::1',
      port: 6379
    },
    Error: connect ECONNREFUSED 127.0.0.1:6379
        at createConnectionError (node:net:1678:14)
        at afterConnectMultiple (node:net:1708:16) {
      errno: -4078,
      code: 'ECONNREFUSED',
      syscall: 'connect',
      address: '127.0.0.1',
      port: 6379
    }
  ]
}
AggregateError [ECONNREFUSED]: 
    at internalConnectMultiple (node:net:1134:18)
    at afterConnectMultiple (node:net:1715:7) {
  code: 'ECONNREFUSED',
  [errors]: [
    Error: connect ECONNREFUSED ::1:6379
        at createConnectionError (node:net:1678:14)
        at afterConnectMultiple (node:net:1708:16) {
      errno: -4078,
      code: 'ECONNREFUSED',
      syscall: 'connect',
      address: '::1',
      port: 6379
    },
    Error: connect ECONNREFUSED 127.0.0.1:6379
        at createConnectionError (node:net:1678:14)
        at afterConnectMultiple (node:net:1708:16) {
      errno: -4078,
      code: 'ECONNREFUSED',
      syscall: 'connect',
      address: '127.0.0.1',
      port: 6379
    }
  ]
}
AggregateError [ECONNREFUSED]: 
    at internalConnectMultiple (node:net:1134:18)
    at afterConnectMultiple (node:net:1715:7) {
  code: 'ECONNREFUSED',
  [errors]: [
    Error: connect ECONNREFUSED ::1:6379
        at createConnectionError (node:net:1678:14)
        at afterConnectMultiple (node:net:1708:16) {
      errno: -4078,
      code: 'ECONNREFUSED',
      syscall: 'connect',
      address: '::1',
      port: 6379
    },
    Error: connect ECONNREFUSED 127.0.0.1:6379
        at createConnectionError (node:net:1678:14)
        at afterConnectMultiple (node:net:1708:16) {
      errno: -4078,
{"context":"WORKER","error":"","level":"error","message":"Worker encountered an error","timestamp":"2026-03-10 19:21:10.700 +05:30"}
{"context":"CRASH_PREVENTION","error":"logger is not defined","level":"error","message":"UNCAUGHT EXCEPTION","stack":"ReferenceError: logger is not defined\n    at EventEmitter.<anonymous> (C:\\Users\\ASHOK REDDY\\OneDrive\\Documents\\cloraAI\\cloraAI\\backend\\src\\utils\\redisLock.js:14:5)\n    at EventEmitter.emit (node:events:507:28)\n    at EventEmitter.silentEmit (C:\\Users\\ASHOK REDDY\\OneDrive\\Documents\\cloraAI\\cloraAI\\backend\\node_modules\\ioredis\\built\\Redis.js:529:30)\n    at Socket.<anonymous> (C:\\Users\\ASHOK REDDY\\OneDrive\\Documents\\cloraAI\\cloraAI\\backend\\node_modules\\ioredis\\built\\redis\\event_handler.js:221:14)\n    at Object.onceWrapper (node:events:622:26)\n    at Socket.emit (node:events:519:35)\n    at emitErrorNT (node:internal/streams/destroy:170:8)\n    at emitErrorCloseNT (node:internal/streams/destroy:129:3)\n    at process.processTicksAndRejections (node:internal/process/task_queues:90:21)","timestamp":"2026-03-10 19:21:10.700 +05:30"}
{"context":"WORKER","error":"","level":"error","message":"Worker encountered an error","timestamp":"2026-03-10 19:21:10.700 +05:30"}
      code: 'ECONNREFUSED',
      syscall: 'connect',
      address: '127.0.0.1',
      port: 6379
    }
  ]
}
AggregateError [ECONNREFUSED]: 
    at internalConnectMultiple (node:net:1134:18)
    at afterConnectMultiple (node:net:1715:7) {
  code: 'ECONNREFUSED',
  [errors]: [
    Error: connect ECONNREFUSED ::1:6379
        at createConnectionError (node:net:1678:14)
        at afterConnectMultiple (node:net:1708:16) {
      errno: -4078,
      code: 'ECONNREFUSED',
      syscall: 'connect',
      address: '::1',
      port: 6379
    },
    Error: connect ECONNREFUSED 127.0.0.1:6379
        at createConnectionError (node:net:1678:14)
        at afterConnectMultiple (node:net:1708:16) {
      errno: -4078,
      code: 'ECONNREFUSED',
      syscall: 'connect',
      address: '127.0.0.1',
      port: 6379
    }
  ]
}
FATAL UNCAUGHT EXCEPTION: ReferenceError: logger is not defined
    at EventEmitter.<anonymous> (C:\Users\ASHOK REDDY\OneDrive\Documents\cloraAI\cloraAI\backend\src\utils\redisLock.js:14:5)
    at EventEmitter.emit (node:events:507:28)
    at EventEmitter.silentEmit (C:\Users\ASHOK REDDY\OneDrive\Documents\cloraAI\cloraAI\backend\node_modules\ioredis\built\Redis.js:529:30)
    at Socket.<anonymous> (C:\Users\ASHOK 
REDDY\OneDrive\Documents\cloraAI\cloraAI\backend\node_modules\ioredis\built\redis\event_handler.js:221:14)
    at Object.onceWrapper (node:events:622:26)
    at Socket.emit (node:events:519:35)
    at emitErrorNT (node:internal/streams/destroy:170:8)
    at emitErrorCloseNT (node:internal/streams/destroy:129:3)
    at process.processTicksAndRejections (node:internal/process/task_queues:90:21)
Error: Connection is closed.
    at EventEmitter.connectionCloseHandler (C:\Users\ASHOK 
REDDY\OneDrive\Documents\cloraAI\cloraAI\backend\node_modules\ioredis\built\Redis.js:208:28)
    at Object.onceWrapper (node:events:622:26)
    at EventEmitter.emit (node:events:519:35)
    at process.processTicksAndRejections (node:internal/process/task_queues:85:11)
{"context":"WORKER","error":"","level":"error","message":"Worker encountered an error","timestamp":"2026-03-10 19:21:10.756 +05:30"}
{"context":"REDIS","error":"","level":"warn","message":"Redis connection failed. Features like caching and dashboard metrics will be restricted.","timestamp":"2026-03-10 19:21:10.757 +05:30"}
AggregateError [ECONNREFUSED]: 
    at internalConnectMultiple (node:net:1134:18)
    at afterConnectMultiple (node:net:1715:7) {
  code: 'ECONNREFUSED',
  [errors]: [
    Error: connect ECONNREFUSED ::1:6379
        at createConnectionError (node:net:1678:14)
        at afterConnectMultiple (node:net:1708:16) {
      errno: -4078,
      code: 'ECONNREFUSED',
      syscall: 'connect',
      address: '::1',
      port: 6379
    },
    Error: connect ECONNREFUSED 127.0.0.1:6379
        at createConnectionError (node:net:1678:14)
        at afterConnectMultiple (node:net:1708:16) {
      errno: -4078,
      code: 'ECONNREFUSED',
      syscall: 'connect',
      address: '127.0.0.1',
      port: 6379
    }
  ]
}
AggregateError [ECONNREFUSED]: 
    at internalConnectMultiple (node:net:1134:18)
    at afterConnectMultiple (node:net:1715:7) {
  code: 'ECONNREFUSED',
  [errors]: [
    Error: connect ECONNREFUSED ::1:6379
        at createConnectionError (node:net:1678:14)
        at afterConnectMultiple (node:net:1708:16) {
      errno: -4078,
      code: 'ECONNREFUSED',
      syscall: 'connect',
      address: '::1',
      port: 6379
    },
    Error: connect ECONNREFUSED 127.0.0.1:6379
        at createConnectionError (node:net:1678:14)
        at afterConnectMultiple (node:net:1708:16) {
      errno: -4078,
      code: 'ECONNREFUSED',
      syscall: 'connect',
      address: '127.0.0.1',
      port: 6379
    }
  ]
}
AggregateError [ECONNREFUSED]: 
    at internalConnectMultiple (node:net:1134:18)
    at afterConnectMultiple (node:net:1715:7) {
  code: 'ECONNREFUSED',
  [errors]: [
    Error: connect ECONNREFUSED ::1:6379
        at createConnectionError (node:net:1678:14)
        at afterConnectMultiple (node:net:1708:16) {
      errno: -4078,
      code: 'ECONNREFUSED',
      syscall: 'connect',
      address: '::1',
      port: 6379
    },
    Error: connect ECONNREFUSED 127.0.0.1:6379
        at createConnectionError (node:net:1678:14)
        at afterConnectMultiple (node:net:1708:16) {
      errno: -4078,
      code: 'ECONNREFUSED',
      syscall: 'connect',
      address: '127.0.0.1',
      port: 6379
    }
  ]
}
AggregateError [ECONNREFUSED]: 
    at internalConnectMultiple (node:net:1134:18)
    at afterConnectMultiple (node:net:1715:7) {
  code: 'ECONNREFUSED',
  [errors]: [
    Error: connect ECONNREFUSED ::1:6379
        at createConnectionError (node:net:1678:14)
        at afterConnectMultiple (node:net:1708:16) {
      errno: -4078,
      code: 'ECONNREFUSED',
      syscall: 'connect',
      address: '::1',
      port: 6379
    },
    Error: connect ECONNREFUSED 127.0.0.1:6379
        at createConnectionError (node:net:1678:14)
        at afterConnectMultiple (node:net:1708:16) {
      errno: -4078,
      code: 'ECONNREFUSED',
      syscall: 'connect',
      address: '127.0.0.1',
      port: 6379
    }
  ]
}
AggregateError [ECONNREFUSED]: 
    at internalConnectMultiple (node:net:1134:18)
    at afterConnectMultiple (node:net:1715:7) {
  code: 'ECONNREFUSED',
  [errors]: [
    Error: connect ECONNREFUSED ::1:6379
        at createConnectionError (node:net:1678:14)
        at afterConnectMultiple (node:net:1708:16) {
      errno: -4078,
      code: 'ECONNREFUSED',
      syscall: 'connect',
      address: '::1',
      port: 6379
    },
    Error: connect ECONNREFUSED 127.0.0.1:6379
        at createConnectionError (node:net:1678:14)
        at afterConnectMultiple (node:net:1708:16) {
      errno: -4078,
      code: 'ECONNREFUSED',
      syscall: 'connect',
      address: '127.0.0.1',
      port: 6379
    }
  ]
}
{"context":"WORKER","error":"","level":"error","message":"Worker encountered an error","timestamp":"2026-03-10 19:21:10.758 +05:30"}
{"context":"CRASH_PREVENTION","error":"logger is not defined","level":"error","message":"UNCAUGHT EXCEPTION","stack":"ReferenceError: logger is not defined\n    at EventEmitter.<anonymous> (C:\\Users\\ASHOK REDDY\\OneDrive\\Documents\\cloraAI\\cloraAI\\backend\\src\\utils\\redisLock.js:14:5)\n    at EventEmitter.emit (node:events:507:28)\n    at EventEmitter.silentEmit (C:\\Users\\ASHOK REDDY\\OneDrive\\Documents\\cloraAI\\cloraAI\\backend\\node_modules\\ioredis\\built\\Redis.js:529:30)\n    at Socket.<anonymous> (C:\\Users\\ASHOK REDDY\\OneDrive\\Documents\\cloraAI\\cloraAI\\backend\\node_modules\\ioredis\\built\\redis\\event_handler.js:221:14)\n    at Object.onceWrapper (node:events:622:26)\n    at Socket.emit (node:events:519:35)\n    at emitErrorNT (node:internal/streams/destroy:170:8)\n    at emitErrorCloseNT (node:internal/streams/destroy:129:3)\n    at process.processTicksAndRejections (node:internal/process/task_queues:90:21)","timestamp":"2026-03-10 19:21:10.758 +05:30"}
FATAL UNCAUGHT EXCEPTION: ReferenceError: logger is not defined
    at EventEmitter.<anonymous> (C:\Users\ASHOK REDDY\OneDrive\Documents\cloraAI\cloraAI\backend\src\utils\redisLock.js:14:5)
    at EventEmitter.emit (node:events:507:28)
    at EventEmitter.silentEmit (C:\Users\ASHOK REDDY\OneDrive\Documents\cloraAI\cloraAI\backend\node_modules\ioredis\built\Redis.js:529:30)
    at Socket.<anonymous> (C:\Users\ASHOK 
REDDY\OneDrive\Documents\cloraAI\cloraAI\backend\node_modules\ioredis\built\redis\event_handler.js:221:14)
    at Object.onceWrapper (node:events:622:26)
    at Socket.emit (node:events:519:35)
    at emitErrorNT (node:internal/streams/destroy:170:8)
    at emitErrorCloseNT (node:internal/streams/destroy:129:3)
    at process.processTicksAndRejections (node:internal/process/task_queues:90:21)
AggregateError [ECONNREFUSED]: 
    at internalConnectMultiple (node:net:1134:18)
    at afterConnectMultiple (node:net:1715:7) {
  code: 'ECONNREFUSED',
  [errors]: [
    Error: connect ECONNREFUSED ::1:6379
        at createConnectionError (node:net:1678:14)
        at afterConnectMultiple (node:net:1708:16) {
      errno: -4078,
      code: 'ECONNREFUSED',
      syscall: 'connect',
      address: '::1',
      port: 6379
    },
    Error: connect ECONNREFUSED 127.0.0.1:6379
        at createConnectionError (node:net:1678:14)
        at afterConnectMultiple (node:net:1708:16) {
      errno: -4078,
      code: 'ECONNREFUSED',
      syscall: 'connect',
      address: '127.0.0.1',
      port: 6379
    }
  ]
}
{"context":"WORKER","error":"","level":"error","message":"Worker encountered an error","timestamp":"2026-03-10 19:21:10.868 +05:30"}
AggregateError [ECONNREFUSED]: 
    at internalConnectMultiple (node:net:1134:18)
    at afterConnectMultiple (node:net:1715:7) {
  code: 'ECONNREFUSED',
  [errors]: [
    Error: connect ECONNREFUSED ::1:6379
        at createConnectionError (node:net:1678:14)
        at afterConnectMultiple (node:net:1708:16) {
      errno: -4078,
      code: 'ECONNREFUSED',
      syscall: 'connect',
      address: '::1',
      port: 6379
    },
    Error: connect ECONNREFUSED 127.0.0.1:6379
        at createConnectionError (node:net:1678:14)
        at afterConnectMultiple (node:net:1708:16) {
      errno: -4078,
      code: 'ECONNREFUSED',
      syscall: 'connect',
      address: '127.0.0.1',
      port: 6379
    }
  ]
}
{"context":"CRASH_PREVENTION","error":"logger is not defined","level":"error","message":"UNCAUGHT EXCEPTION","stack":"ReferenceError: logger is not defined\n    at EventEmitter.<anonymous> (C:\\Users\\ASHOK REDDY\\OneDrive\\Documents\\cloraAI\\cloraAI\\backend\\src\\utils\\redisLock.js:14:5)\n    at EventEmitter.emit (node:events:507:28)\n    at EventEmitter.silentEmit (C:\\Users\\ASHOK REDDY\\OneDrive\\Documents\\cloraAI\\cloraAI\\backend\\node_modules\\ioredis\\built\\Redis.js:529:30)\n    at Socket.<anonymous> (C:\\Users\\ASHOK REDDY\\OneDrive\\Documents\\cloraAI\\cloraAI\\backend\\node_modules\\ioredis\\built\\redis\\event_handler.js:221:14)\n    at Object.onceWrapper (node:events:622:26)\n    at Socket.emit (node:events:519:35)\n    at emitErrorNT (node:internal/streams/destroy:170:8)\n    at emitErrorCloseNT (node:internal/streams/destroy:129:3)\n    at process.processTicksAndRejections (node:internal/process/task_queues:90:21)","timestamp":"2026-03-10 19:21:10.868 +05:30"}
FATAL UNCAUGHT EXCEPTION: ReferenceError: logger is not defined
    at EventEmitter.<anonymous> (C:\Users\ASHOK REDDY\OneDrive\Documents\cloraAI\cloraAI\backend\src\utils\redisLock.js:14:5)
    at EventEmitter.emit (node:events:507:28)
    at EventEmitter.silentEmit (C:\Users\ASHOK REDDY\OneDrive\Documents\cloraAI\cloraAI\backend\node_modules\ioredis\built\Redis.js:529:30)
    at Socket.<anonymous> (C:\Users\ASHOK 
REDDY\OneDrive\Documents\cloraAI\cloraAI\backend\node_modules\ioredis\built\redis\event_handler.js:221:14)
    at Object.onceWrapper (node:events:622:26)
    at Socket.emit (node:events:519:35)
    at emitErrorNT (node:internal/streams/destroy:170:8)
    at emitErrorCloseNT (node:internal/streams/destroy:129:3)
    at process.processTicksAndRejections (node:internal/process/task_queues:90:21)
{"context":"REDIS","error":"","level":"warn","message":"Redis connection failed. Features like caching and dashboard metrics will be restricted.","timestamp":"2026-03-10 19:21:10.869 +05:30"}
AggregateError [ECONNREFUSED]: 
    at internalConnectMultiple (node:net:1134:18)
    at afterConnectMultiple (node:net:1715:7) {
  code: 'ECONNREFUSED',
  [errors]: [
    Error: connect ECONNREFUSED ::1:6379
        at createConnectionError (node:net:1678:14)
        at afterConnectMultiple (node:net:1708:16) {
      errno: -4078,
      code: 'ECONNREFUSED',
      syscall: 'connect',
      address: '::1',
      port: 6379
    },
    Error: connect ECONNREFUSED 127.0.0.1:6379
        at createConnectionError (node:net:1678:14)
        at afterConnectMultiple (node:net:1708:16) {
      errno: -4078,
      code: 'ECONNREFUSED',
      syscall: 'connect',
      address: '127.0.0.1',
      port: 6379
    }
  ]
}
AggregateError [ECONNREFUSED]: 
    at internalConnectMultiple (node:net:1134:18)
    at afterConnectMultiple (node:net:1715:7) {
  code: 'ECONNREFUSED',
  [errors]: [
    Error: connect ECONNREFUSED ::1:6379
        at createConnectionError (node:net:1678:14)
        at afterConnectMultiple (node:net:1708:16) {
      errno: -4078,
      code: 'ECONNREFUSED',
      syscall: 'connect',
      address: '::1',
      port: 6379
    },
    Error: connect ECONNREFUSED 127.0.0.1:6379
        at createConnectionError (node:net:1678:14)
        at afterConnectMultiple (node:net:1708:16) {
      errno: -4078,
      code: 'ECONNREFUSED',
      syscall: 'connect',
      address: '127.0.0.1',
      port: 6379
    }
  ]
}
AggregateError [ECONNREFUSED]: 
    at internalConnectMultiple (node:net:1134:18)
    at afterConnectMultiple (node:net:1715:7) {
  code: 'ECONNREFUSED',
  [errors]: [
    Error: connect ECONNREFUSED ::1:6379
        at createConnectionError (node:net:1678:14)
        at afterConnectMultiple (node:net:1708:16) {
      errno: -4078,
      code: 'ECONNREFUSED',
      syscall: 'connect',
      address: '::1',
      port: 6379
    },
    Error: connect ECONNREFUSED 127.0.0.1:6379
        at createConnectionError (node:net:1678:14)
        at afterConnectMultiple (node:net:1708:16) {
      errno: -4078,
      code: 'ECONNREFUSED',
      syscall: 'connect',
      address: '127.0.0.1',
      port: 6379
    }
  ]
}
AggregateError [ECONNREFUSED]: 
    at internalConnectMultiple (node:net:1134:18)
    at afterConnectMultiple (node:net:1715:7) {
  code: 'ECONNREFUSED',
  [errors]: [
    Error: connect ECONNREFUSED ::1:6379
        at createConnectionError (node:net:1678:14)
        at afterConnectMultiple (node:net:1708:16) {
      errno: -4078,
      code: 'ECONNREFUSED',
      syscall: 'connect',
      address: '::1',
      port: 6379
    },
    Error: connect ECONNREFUSED 127.0.0.1:6379
        at createConnectionError (node:net:1678:14)
        at afterConnectMultiple (node:net:1708:16) {
      errno: -4078,
      code: 'ECONNREFUSED',
      syscall: 'connect',
      address: '127.0.0.1',
      port: 6379
    }
  ]
}
AggregateError [ECONNREFUSED]: 
    at internalConnectMultiple (node:net:1134:18)
    at afterConnectMultiple (node:net:1715:7) {
  code: 'ECONNREFUSED',
  [errors]: [
    Error: connect ECONNREFUSED ::1:6379
        at createConnectionError (node:net:1678:14)
        at afterConnectMultiple (node:net:1708:16) {
      errno: -4078,
      code: 'ECONNREFUSED',
      syscall: 'connect',
      address: '::1',
      port: 6379
    },
    Error: connect ECONNREFUSED 127.0.0.1:6379
        at createConnectionError (node:net:1678:14)
        at afterConnectMultiple (node:net:1708:16) {
      errno: -4078,
      code: 'ECONNREFUSED',
      syscall: 'connect',
      address: '127.0.0.1',
      port: 6379
    }
  ]
}
{"context":"WORKER","error":"","level":"error","message":"Worker encountered an error","timestamp":"2026-03-10 19:21:10.869 +05:30"}
{"context":"SERVER","level":"info","message":"Mongoose connected successfully","timestamp":"2026-03-10 19:21:10.954 +05:30"}
{"context":"REDIS","error":"","level":"warn","message":"Redis connection failed. Features like caching and dashboard metrics will be restricted.","timestamp":"2026-03-10 19:21:11.030 +05:30"}
AggregateError [ECONNREFUSED]: 
    at internalConnectMultiple (node:net:1134:18)
    at afterConnectMultiple (node:net:1715:7) {
  code: 'ECONNREFUSED',
  [errors]: [
    Error: connect ECONNREFUSED ::1:6379
        at createConnectionError (node:net:1678:14)
        at afterConnectMultiple (node:net:1708:16) {
      errno: -4078,
      code: 'ECONNREFUSED',
      syscall: 'connect',
      address: '::1',
      port: 6379
    },
    Error: connect ECONNREFUSED 127.0.0.1:6379
        at createConnectionError (node:net:1678:14)
        at afterConnectMultiple (node:net:1708:16) {
      errno: -4078,
      code: 'ECONNREFUSED',
      syscall: 'connect',
      address: '127.0.0.1',
      port: 6379
    }
  ]
}
AggregateError [ECONNREFUSED]: 
    at internalConnectMultiple (node:net:1134:18)
    at afterConnectMultiple (node:net:1715:7) {
  code: 'ECONNREFUSED',
  [errors]: [
    Error: connect ECONNREFUSED ::1:6379
        at createConnectionError (node:net:1678:14)
        at afterConnectMultiple (node:net:1708:16) {
      errno: -4078,
      code: 'ECONNREFUSED',
      syscall: 'connect',
      address: '::1',
      port: 6379
    },
    Error: connect ECONNREFUSED 127.0.0.1:6379
        at createConnectionError (node:net:1678:14)
        at afterConnectMultiple (node:net:1708:16) {
      errno: -4078,
      code: 'ECONNREFUSED',
      syscall: 'connect',
      address: '127.0.0.1',
      port: 6379
    }
  ]
}
AggregateError [ECONNREFUSED]: 
    at internalConnectMultiple (node:net:1134:18)
    at afterConnectMultiple (node:net:1715:7) {
  code: 'ECONNREFUSED',
  [errors]: [
    Error: connect ECONNREFUSED ::1:6379
        at createConnectionError (node:net:1678:14)
        at afterConnectMultiple (node:net:1708:16) {
      errno: -4078,
      code: 'ECONNREFUSED',
      syscall: 'connect',
      address: '::1',
      port: 6379
    },
    Error: connect ECONNREFUSED 127.0.0.1:6379
        at createConnectionError (node:net:1678:14)
        at afterConnectMultiple (node:net:1708:16) {
      errno: -4078,
      code: 'ECONNREFUSED',
      syscall: 'connect',
      address: '127.0.0.1',
      port: 6379
    }
  ]
}
AggregateError [ECONNREFUSED]: 
    at internalConnectMultiple (node:net:1134:18)
    at afterConnectMultiple (node:net:1715:7) {
  code: 'ECONNREFUSED',
  [errors]: [
    Error: connect ECONNREFUSED ::1:6379
        at createConnectionError (node:net:1678:14)
        at afterConnectMultiple (node:net:1708:16) {
      errno: -4078,
      code: 'ECONNREFUSED',
      syscall: 'connect',
      address: '::1',
      port: 6379
    },
    Error: connect ECONNREFUSED 127.0.0.1:6379
        at createConnectionError (node:net:1678:14)
        at afterConnectMultiple (node:net:1708:16) {
      errno: -4078,
      code: 'ECONNREFUSED',
      syscall: 'connect',
      address: '127.0.0.1',
      port: 6379
    }
  ]
}
AggregateError [ECONNREFUSED]: 
    at internalConnectMultiple (node:net:1134:18)
    at afterConnectMultiple (node:net:1715:7) {
  code: 'ECONNREFUSED',
  [errors]: [
    Error: connect ECONNREFUSED ::1:6379
        at createConnectionError (node:net:1678:14)
        at afterConnectMultiple (node:net:1708:16) {
      errno: -4078,
      code: 'ECONNREFUSED',
      syscall: 'connect',
      address: '::1',
      port: 6379
    },
    Error: connect ECONNREFUSED 127.0.0.1:6379
        at createConnectionError (node:net:1678:14)
        at afterConnectMultiple (node:net:1708:16) {
      errno: -4078,
      code: 'ECONNREFUSED',
      syscall: 'connect',
      address: '127.0.0.1',
      port: 6379
    }
  ]
}
{"context":"WORKER","error":"","level":"error","message":"Worker encountered an error","timestamp":"2026-03-10 19:21:11.031 +05:30"}
{"context":"CRASH_PREVENTION","error":"logger is not defined","level":"error","message":"UNCAUGHT EXCEPTION","stack":"ReferenceError: logger is not defined\n    at EventEmitter.<anonymous> (C:\\Users\\ASHOK REDDY\\OneDrive\\Documents\\cloraAI\\cloraAI\\backend\\src\\utils\\redisLock.js:14:5)\n    at EventEmitter.emit (node:events:507:28)\n    at EventEmitter.silentEmit (C:\\Users\\ASHOK REDDY\\OneDrive\\Documents\\cloraAI\\cloraAI\\backend\\node_modules\\ioredis\\built\\Redis.js:529:30)\n    at Socket.<anonymous> (C:\\Users\\ASHOK REDDY\\OneDrive\\Documents\\cloraAI\\cloraAI\\backend\\node_modules\\ioredis\\built\\redis\\event_handler.js:221:14)\n    at Object.onceWrapper (node:events:622:26)\n    at Socket.emit (node:events:519:35)\n    at emitErrorNT (node:internal/streams/destroy:170:8)\n    at emitErrorCloseNT (node:internal/streams/destroy:129:3)\n    at process.processTicksAndRejections (node:internal/process/task_queues:90:21)","timestamp":"2026-03-10 19:21:11.031 +05:30"}
FATAL UNCAUGHT EXCEPTION: ReferenceError: logger is not defined
    at EventEmitter.<anonymous> (C:\Users\ASHOK REDDY\OneDrive\Documents\cloraAI\cloraAI\backend\src\utils\redisLock.js:14:5)
    at EventEmitter.emit (node:events:507:28)
    at EventEmitter.silentEmit (C:\Users\ASHOK REDDY\OneDrive\Documents\cloraAI\cloraAI\backend\node_modules\ioredis\built\Redis.js:529:30)
    at Socket.<anonymous> (C:\Users\ASHOK 
REDDY\OneDrive\Documents\cloraAI\cloraAI\backend\node_modules\ioredis\built\redis\event_handler.js:221:14)
    at Object.onceWrapper (node:events:622:26)
    at Socket.emit (node:events:519:35)
    at emitErrorNT (node:internal/streams/destroy:170:8)
    at emitErrorCloseNT (node:internal/streams/destroy:129:3)
    at process.processTicksAndRejections (node:internal/process/task_queues:90:21)
AggregateError [ECONNREFUSED]: 
    at internalConnectMultiple (node:net:1134:18)
    at afterConnectMultiple (node:net:1715:7) {
  code: 'ECONNREFUSED',
  [errors]: [
    Error: connect ECONNREFUSED ::1:6379
        at createConnectionError (node:net:1678:14)
        at afterConnectMultiple (node:net:1708:16) {
      errno: -4078,
      code: 'ECONNREFUSED',
      syscall: 'connect',
      address: '::1',
      port: 6379
    },
    Error: connect ECONNREFUSED 127.0.0.1:6379
        at createConnectionError (node:net:1678:14)
        at afterConnectMultiple (node:net:1708:16) {
      errno: -4078,
      code: 'ECONNREFUSED',
      syscall: 'connect',
      address: '127.0.0.1',
      port: 6379
    }
  ]
}
{"context":"WORKER","error":"","level":"error","message":"Worker encountered an error","timestamp":"2026-03-10 19:21:11.031 +05:30"}
